// Jest Snapshot v1, https://goo.gl/fbAQLP

exports[`App should render the app root 1`] = `
<div
  data-testid="router"
>
  <a
    class="skip-link"
    href="#main"
  >
    Skip to content
  </a>
  <span>
    Header
  </span>
  <div
    data-testid="switch"
  >
    <span>
      Menu
    </span>
    <span>
      /
    </span>
    <span>
      IceCreams
    </span>
    <span>
      /ice-creams
    </span>
    <span>
      AddIceCream
    </span>
    <span>
      /menu-items/add
    </span>
    <span>
      EditIceCream
    </span>
    <span>
      /menu-items/:menuItemId
    </span>
    <span>
      Redirect to 
      /
    </span>
  </div>
  <span>
    Footer
  </span>
</div>
`;
