// Jest Snapshot v1, https://goo.gl/fbAQLP

exports[`Header should render 1`] = `
<nav>
  <a
    href="/"
  >
    Menu
    <span>
      {"focus":true}
    </span>
    <span
      data-testid="linkType"
    >
      NavLink
    </span>
  </a>
  <a
    href="/ice-creams"
  >
    Add Ice Cream
    <span>
      {"focus":true}
    </span>
    <span
      data-testid="linkType"
    >
      NavLink
    </span>
  </a>
</nav>
`;
