// Jest Snapshot v1, https://goo.gl/fbAQLP

exports[`Main should render with standard heading and set the title 1`] = `
.emotion-0 {
  max-width: 63.75em;
  margin-left: auto;
  margin-right: auto;
  min-height: 40em;
  padding-top: 2em;
  padding-bottom: 2em;
  outline: 0;
}

.emotion-0 .main-heading {
  font-family: 'cornerstone',sans-serif;
  padding: 1rem 0 2rem;
  color: #313030;
  font-size: 1.8em;
  outline: 0;
  text-align: center;
}

<main
  class="emotion-0"
  id="main"
  tabindex="-1"
>
  <h2
    class="main-heading"
    tabindex="-1"
  >
    Demo heading
  </h2>
  <p>
    Page content
  </p>
</main>
`;
